Archive member included because of file (symbol)

c:/winavr-20100110/bin/../lib/gcc/avr/4.3.3/../../../../avr/lib/avr5\libm.a(divsf3.o)
                              EuroBot.o (__divsf3)
c:/winavr-20100110/bin/../lib/gcc/avr/4.3.3/../../../../avr/lib/avr5\libm.a(divsf3x.o)
                              c:/winavr-20100110/bin/../lib/gcc/avr/4.3.3/../../../../avr/lib/avr5\libm.a(divsf3.o) (__divsf3x)
c:/winavr-20100110/bin/../lib/gcc/avr/4.3.3/../../../../avr/lib/avr5\libm.a(fixunssfsi.o)
                              EuroBot.o (__fixunssfsi)
c:/winavr-20100110/bin/../lib/gcc/avr/4.3.3/../../../../avr/lib/avr5\libm.a(floatsisf.o)
                              EuroBot.o (__floatunsisf)
c:/winavr-20100110/bin/../lib/gcc/avr/4.3.3/../../../../avr/lib/avr5\libm.a(fp_inf.o)
                              c:/winavr-20100110/bin/../lib/gcc/avr/4.3.3/../../../../avr/lib/avr5\libm.a(divsf3x.o) (__fp_inf)
c:/winavr-20100110/bin/../lib/gcc/avr/4.3.3/../../../../avr/lib/avr5\libm.a(fp_nan.o)
                              c:/winavr-20100110/bin/../lib/gcc/avr/4.3.3/../../../../avr/lib/avr5\libm.a(divsf3x.o) (__fp_nan)
c:/winavr-20100110/bin/../lib/gcc/avr/4.3.3/../../../../avr/lib/avr5\libm.a(fp_pscA.o)
                              c:/winavr-20100110/bin/../lib/gcc/avr/4.3.3/../../../../avr/lib/avr5\libm.a(divsf3x.o) (__fp_pscA)
c:/winavr-20100110/bin/../lib/gcc/avr/4.3.3/../../../../avr/lib/avr5\libm.a(fp_pscB.o)
                              c:/winavr-20100110/bin/../lib/gcc/avr/4.3.3/../../../../avr/lib/avr5\libm.a(divsf3x.o) (__fp_pscB)
c:/winavr-20100110/bin/../lib/gcc/avr/4.3.3/../../../../avr/lib/avr5\libm.a(fp_round.o)
                              c:/winavr-20100110/bin/../lib/gcc/avr/4.3.3/../../../../avr/lib/avr5\libm.a(divsf3.o) (__fp_round)
c:/winavr-20100110/bin/../lib/gcc/avr/4.3.3/../../../../avr/lib/avr5\libm.a(fp_split3.o)
                              c:/winavr-20100110/bin/../lib/gcc/avr/4.3.3/../../../../avr/lib/avr5\libm.a(divsf3x.o) (__fp_split3)
c:/winavr-20100110/bin/../lib/gcc/avr/4.3.3/../../../../avr/lib/avr5\libm.a(fp_zero.o)
                              c:/winavr-20100110/bin/../lib/gcc/avr/4.3.3/../../../../avr/lib/avr5\libm.a(fixunssfsi.o) (__fp_zero)
c:/winavr-20100110/bin/../lib/gcc/avr/4.3.3/avr5\libgcc.a(_mulsi3.o)
                              RP6Lib/RP6base/RP6RobotBaseLib.o (__mulsi3)
c:/winavr-20100110/bin/../lib/gcc/avr/4.3.3/avr5\libgcc.a(_udivmodhi4.o)
                              RP6Lib/RP6base/RP6RobotBaseLib.o (__udivmodhi4)
c:/winavr-20100110/bin/../lib/gcc/avr/4.3.3/avr5\libgcc.a(_divmodhi4.o)
                              RP6Lib/RP6base/RP6RobotBaseLib.o (__divmodhi4)
c:/winavr-20100110/bin/../lib/gcc/avr/4.3.3/avr5\libgcc.a(_udivmodsi4.o)
                              RP6Lib/RP6base/RP6RobotBaseLib.o (__udivmodsi4)
c:/winavr-20100110/bin/../lib/gcc/avr/4.3.3/avr5\libgcc.a(_exit.o)
                              c:/winavr-20100110/bin/../lib/gcc/avr/4.3.3/../../../../avr/lib/avr5/crtm32.o (exit)
c:/winavr-20100110/bin/../lib/gcc/avr/4.3.3/avr5\libgcc.a(_copy_data.o)
                              EuroBot.o (__do_copy_data)
c:/winavr-20100110/bin/../lib/gcc/avr/4.3.3/avr5\libgcc.a(_clear_bss.o)
                              EuroBot.o (__do_clear_bss)
c:/winavr-20100110/bin/../lib/gcc/avr/4.3.3/../../../../avr/lib/avr5\libc.a(itoa.o)
                              RP6Lib/RP6common/RP6uart.o (itoa)
c:/winavr-20100110/bin/../lib/gcc/avr/4.3.3/../../../../avr/lib/avr5\libc.a(strrev.o)
                              c:/winavr-20100110/bin/../lib/gcc/avr/4.3.3/../../../../avr/lib/avr5\libc.a(itoa.o) (strrev)

Allocating common symbols
Common symbol       size              file

bumper_left         0x1               RP6Lib/RP6base/RP6RobotBaseLib.o
preStop_R           0x2               RP6Lib/RP6base/RP6RobotBaseLib.o
mright_des_speed    0x2               RP6Lib/RP6base/RP6RobotBaseLib.o
timer               0x2               EuroBot.o
mleft_des_speed     0x2               RP6Lib/RP6base/RP6RobotBaseLib.o
mleft_des_speed_tmp
                    0x2               RP6Lib/RP6base/RP6RobotBaseLib.o
uart_status         0x1               RP6Lib/RP6common/RP6uart.o
motion_status       0x1               EuroBot.o
sysStatACS          0x1               RP6Lib/RP6base/RP6RobotBaseLib.o
ircomm_send         0x1               RP6Lib/RP6base/RP6RobotBaseLib.o
overcurrent_error_clear
                    0x1               RP6Lib/RP6base/RP6RobotBaseLib.o
distanceToMove_R    0x2               RP6Lib/RP6base/RP6RobotBaseLib.o
acs_pulse           0x1               RP6Lib/RP6base/RP6RobotBaseLib.o
left_i              0x2               RP6Lib/RP6base/RP6RobotBaseLib.o
IRCOMM_RC5_data     0x2               RP6Lib/RP6base/RP6RobotBaseLib.o
motor_control       0x1               RP6Lib/RP6base/RP6RobotBaseLib.o
leds_on             0x1               RP6Lib/RP6base/RP6RobotBaseLib.o
mleft_power         0x2               RP6Lib/RP6base/RP6RobotBaseLib.o
mleft_speed         0x2               RP6Lib/RP6base/RP6RobotBaseLib.o
preDecelerate_R     0x2               RP6Lib/RP6base/RP6RobotBaseLib.o
mright_des_speed_tmp
                    0x2               RP6Lib/RP6base/RP6RobotBaseLib.o
adc1                0x2               RP6Lib/RP6base/RP6RobotBaseLib.o
adcLSL              0x2               RP6Lib/RP6base/RP6RobotBaseLib.o
acs_timer           0x2               RP6Lib/RP6base/RP6RobotBaseLib.o
preStop_L           0x2               RP6Lib/RP6base/RP6RobotBaseLib.o
mright_power        0x2               RP6Lib/RP6base/RP6RobotBaseLib.o
mright_counter      0x2               RP6Lib/RP6base/RP6RobotBaseLib.o
ircomm_data_tmp     0x2               RP6Lib/RP6base/RP6RobotBaseLib.o
distanceToMove_L    0x2               RP6Lib/RP6base/RP6RobotBaseLib.o
stopwatches         0x11              RP6Lib/RP6base/RP6RobotBaseLib.o
overcurrent_timeout
                    0x1               RP6Lib/RP6base/RP6RobotBaseLib.o
obstacle_left       0x1               RP6Lib/RP6base/RP6RobotBaseLib.o
overcurrent_errors  0x1               RP6Lib/RP6base/RP6RobotBaseLib.o
overcurrent_timer   0x1               RP6Lib/RP6base/RP6RobotBaseLib.o
statusLEDs          0x1               EuroBot.o
mright_ptmp         0x1               RP6Lib/RP6base/RP6RobotBaseLib.o
ircomm_data         0x2               RP6Lib/RP6base/RP6RobotBaseLib.o
adcLSR              0x2               RP6Lib/RP6base/RP6RobotBaseLib.o
speed_adjust_timer  0x1               RP6Lib/RP6base/RP6RobotBaseLib.o
obstacle_right      0x1               RP6Lib/RP6base/RP6RobotBaseLib.o
speed_timer         0x1               RP6Lib/RP6base/RP6RobotBaseLib.o
right_i             0x2               RP6Lib/RP6base/RP6RobotBaseLib.o
bumper_timer        0x1               RP6Lib/RP6base/RP6RobotBaseLib.o
mright_dist         0x2               RP6Lib/RP6base/RP6RobotBaseLib.o
preDecelerate_L     0x2               RP6Lib/RP6base/RP6RobotBaseLib.o
mleft_counter       0x2               RP6Lib/RP6base/RP6RobotBaseLib.o
adc0                0x2               RP6Lib/RP6base/RP6RobotBaseLib.o
delay_timer         0x1               RP6Lib/RP6base/RP6RobotBaseLib.o
adcMotorCurrentRight
                    0x2               RP6Lib/RP6base/RP6RobotBaseLib.o
ms_timer            0x1               RP6Lib/RP6base/RP6RobotBaseLib.o
mright_speed        0x2               RP6Lib/RP6base/RP6RobotBaseLib.o
mleft_dist          0x2               RP6Lib/RP6base/RP6RobotBaseLib.o
bumper_right        0x1               RP6Lib/RP6base/RP6RobotBaseLib.o
acs_event_counter   0x1               RP6Lib/RP6base/RP6RobotBaseLib.o
motion_status_tmp   0x1               RP6Lib/RP6base/RP6RobotBaseLib.o
adcBat              0x2               RP6Lib/RP6base/RP6RobotBaseLib.o
uart_receive_buffer
                    0x21              RP6Lib/RP6common/RP6uart.o
IRCOMM_RC5_data_ok  0x2               RP6Lib/RP6base/RP6RobotBaseLib.o
mleft_ptmp          0x1               RP6Lib/RP6base/RP6RobotBaseLib.o
adcMotorCurrentLeft
                    0x2               RP6Lib/RP6base/RP6RobotBaseLib.o

Memory Configuration

Name             Origin             Length             Attributes
text             0x00000000         0x00020000         xr
data             0x00800060         0x0000ffa0         rw !x
eeprom           0x00810000         0x00010000         rw !x
fuse             0x00820000         0x00000400         rw !x
lock             0x00830000         0x00000400         rw !x
signature        0x00840000         0x00000400         rw !x
*default*        0x00000000         0xffffffff

Linker script and memory map

LOAD c:/winavr-20100110/bin/../lib/gcc/avr/4.3.3/../../../../avr/lib/avr5/crtm32.o
LOAD EuroBot.o
LOAD RP6Lib/RP6base/RP6RobotBaseLib.o
LOAD RP6Lib/RP6common/RP6uart.o
LOAD c:/winavr-20100110/bin/../lib/gcc/avr/4.3.3/../../../../avr/lib/avr5\libm.a
LOAD c:/winavr-20100110/bin/../lib/gcc/avr/4.3.3/avr5\libgcc.a
LOAD c:/winavr-20100110/bin/../lib/gcc/avr/4.3.3/../../../../avr/lib/avr5\libc.a
LOAD c:/winavr-20100110/bin/../lib/gcc/avr/4.3.3/avr5\libgcc.a

.hash
 *(.hash)

.dynsym
 *(.dynsym)

.dynstr
 *(.dynstr)

.gnu.version
 *(.gnu.version)

.gnu.version_d
 *(.gnu.version_d)

.gnu.version_r
 *(.gnu.version_r)

.rel.init
 *(.rel.init)

.rela.init
 *(.rela.init)

.rel.text
 *(.rel.text)
 *(.rel.text.*)
 *(.rel.gnu.linkonce.t*)

.rela.text
 *(.rela.text)
 *(.rela.text.*)
 *(.rela.gnu.linkonce.t*)

.rel.fini
 *(.rel.fini)

.rela.fini
 *(.rela.fini)

.rel.rodata
 *(.rel.rodata)
 *(.rel.rodata.*)
 *(.rel.gnu.linkonce.r*)

.rela.rodata
 *(.rela.rodata)
 *(.rela.rodata.*)
 *(.rela.gnu.linkonce.r*)

.rel.data
 *(.rel.data)
 *(.rel.data.*)
 *(.rel.gnu.linkonce.d*)

.rela.data
 *(.rela.data)
 *(.rela.data.*)
 *(.rela.gnu.linkonce.d*)

.rel.ctors
 *(.rel.ctors)

.rela.ctors
 *(.rela.ctors)

.rel.dtors
 *(.rel.dtors)

.rela.dtors
 *(.rela.dtors)

.rel.got
 *(.rel.got)

.rela.got
 *(.rela.got)

.rel.bss
 *(.rel.bss)

.rela.bss
 *(.rela.bss)

.rel.plt
 *(.rel.plt)

.rela.plt
 *(.rela.plt)

.text           0x00000000     0x2d46
 *(.vectors)
 .vectors       0x00000000       0x54 c:/winavr-20100110/bin/../lib/gcc/avr/4.3.3/../../../../avr/lib/avr5/crtm32.o
                0x00000000                __vectors
                0x00000000                __vector_default
 *(.vectors)
 *(.progmem.gcc*)
 *(.progmem*)
 .progmem.data  0x00000054      0x171 EuroBot.o
 .progmem.data  0x000001c5      0x1be RP6Lib/RP6base/RP6RobotBaseLib.o
                0x00000384                . = ALIGN (0x2)
 *fill*         0x00000383        0x1 00
                0x00000384                __trampolines_start = .
 *(.trampolines)
 .trampolines   0x00000384        0x0 linker stubs
 *(.trampolines*)
                0x00000384                __trampolines_end = .
 *(.jumptables)
 *(.jumptables*)
 *(.lowtext)
 *(.lowtext*)
                0x00000384                __ctors_start = .
 *(.ctors)
                0x00000384                __ctors_end = .
                0x00000384                __dtors_start = .
 *(.dtors)
                0x00000384                __dtors_end = .
 SORT(*)(.ctors)
 SORT(*)(.dtors)
 *(.init0)
 .init0         0x00000384        0x0 c:/winavr-20100110/bin/../lib/gcc/avr/4.3.3/../../../../avr/lib/avr5/crtm32.o
                0x00000384                __init
 *(.init0)
 *(.init1)
 *(.init1)
 *(.init2)
 .init2         0x00000384        0xc c:/winavr-20100110/bin/../lib/gcc/avr/4.3.3/../../../../avr/lib/avr5/crtm32.o
 *(.init2)
 *(.init3)
 *(.init3)
 *(.init4)
 .init4         0x00000390       0x16 c:/winavr-20100110/bin/../lib/gcc/avr/4.3.3/avr5\libgcc.a(_copy_data.o)
                0x00000390                __do_copy_data
 .init4         0x000003a6       0x10 c:/winavr-20100110/bin/../lib/gcc/avr/4.3.3/avr5\libgcc.a(_clear_bss.o)
                0x000003a6                __do_clear_bss
 *(.init4)
 *(.init5)
 *(.init5)
 *(.init6)
 *(.init6)
 *(.init7)
 *(.init7)
 *(.init8)
 *(.init8)
 *(.init9)
 .init9         0x000003b6        0x8 c:/winavr-20100110/bin/../lib/gcc/avr/4.3.3/../../../../avr/lib/avr5/crtm32.o
 *(.init9)
 *(.text)
 .text          0x000003be        0x4 c:/winavr-20100110/bin/../lib/gcc/avr/4.3.3/../../../../avr/lib/avr5/crtm32.o
                0x000003be                __vector_12
                0x000003be                __bad_interrupt
                0x000003be                __vector_6
                0x000003be                __vector_11
                0x000003be                __vector_17
                0x000003be                __vector_7
                0x000003be                __vector_5
                0x000003be                __vector_9
                0x000003be                __vector_15
                0x000003be                __vector_8
                0x000003be                __vector_14
                0x000003be                __vector_16
                0x000003be                __vector_18
                0x000003be                __vector_20
 .text          0x000003c2      0xfd6 EuroBot.o
                0x0000131e                acsStateChangedNew
                0x00000d86                behaviour_carryOutMission
                0x000008cc                I2CTWI_transmitBytes
                0x000007f0                I2CTWI_transmit3Bytes
                0x0000063c                I2CTWI_readBytes
                0x000003de                I2CTWI_requestedDataReady_DUMMY
                0x000011d4                behaviourController
                0x0000108e                behaviour_followLine
                0x0000073a                I2CTWI_transmitByte
                0x000003c2                __I2CTWI_initMaster
                0x000003f6                I2CTWI_delay
                0x000003ec                I2CTWI_setTransmissionErrorHandler
                0x0000050a                I2CTWI_requestDataFromDevice
                0x00001004                moveCommand
                0x000003e0                I2CTWI_setRequestedDataReadyHandler
                0x00000bee                behaviour_avoid
                0x00000946                __vector_19
                0x0000085a                I2CTWI_transmit4Bytes
                0x00001234                task_LineFollower
                0x000005ba                I2CTWI_getState
                0x00000e9e                task_EvaluateMission
                0x00000416                task_I2CTWI
                0x00000bb0                bumpersStateChangedNew
                0x00000a2a                behaviour_escape
                0x00000e6c                behaviour_cruise
                0x000012b2                main
                0x00000d74                resetVariables
                0x00000548                I2CTWI_requestRegisterFromDevice
                0x00000d88                entscheideWohinGefahrenWerdenSoll
                0x00000790                I2CTWI_transmit2Bytes
                0x00000590                I2CTWI_getReceivedData
                0x000003ea                I2CTWI_transmissionError_DUMMY
                0x000005c6                I2CTWI_readRegisters
                0x000006c6                I2CTWI_readByte
                0x00000e0e                searchForTwoLines
 .text          0x00001398     0x1406 RP6Lib/RP6base/RP6RobotBaseLib.o
                0x00001398                enablePowerOnWarning
                0x00001f48                mSleep
                0x00001572                __vector_1
                0x000016de                setMotorPower
                0x00001430                getBumperRight
                0x000015f2                MOTIONCONTROL_stateChanged_DUMMY
                0x00001876                IRCOMM_RC5dataReady_DUMMY
                0x00001648                moveAtSpeedDirection
                0x000013a6                disablePowerOnWarning
                0x0000140c                setLEDs
                0x0000256a                rotate
                0x000016fc                setMotorDir
                0x00001f70                extIntON
                0x00001b88                powerOFF
                0x00001f38                sleep
                0x0000182c                __vector_3
                0x000013ae                updateStatusLEDs
                0x00001f64                delayCycles
                0x00001722                IRCOMM_sendRC5
                0x00001b14                disableACS
                0x0000144c                BUMPERS_setStateChangedHandler
                0x00001b62                setACSPwrMed
                0x00001878                IRCOMM_setRC5DataReadyHandler
                0x00001884                ACS_setStateChangedHandler
                0x00001496                readADC
                0x00002670                move
                0x00001416                getBumperLeft
                0x0000188e                task_ACS
                0x000015fe                moveAtSpeed
                0x0000161c                changeDirection
                0x00001b6c                setACSPwrHigh
                0x00001b4a                setACSPwrOff
                0x00001b58                setACSPwrLow
                0x00002008                emergencyShutdown
                0x00001456                task_Bumpers
                0x00002558                task_RP6System
                0x00001882                ACS_stateChanged_DUMMY
                0x00001768                __vector_4
                0x00001b2e                enableACS
                0x000015b2                __vector_2
                0x00001f76                extIntOFF
                0x000014b6                startADC
                0x00001b76                powerON
                0x000015f4                MOTIONCONTROL_setStateChangedHandler
                0x000020f2                task_motionControl
                0x00001f7c                initRobotBase
                0x0000144a                BUMPERS_stateChanged_DUMMY
                0x00001bac                __vector_10
                0x000016a4                stop
                0x00001694                isMovementComplete
                0x000014c0                task_ADC
 .text          0x0000279e      0x22e RP6Lib/RP6common/RP6uart.o
                0x0000285a                readChar
                0x00002898                readChars
                0x000028de                getBufferLength
                0x000028ea                clearReceptionBuffer
                0x000027a6                writeString
                0x0000294e                writeIntegerLength
                0x000027ec                __vector_13
                0x0000290a                writeInteger
                0x0000279e                writeChar
                0x000027ce                writeStringLength
                0x000027ba                writeNStringP
 .text          0x000029cc        0x0 c:/winavr-20100110/bin/../lib/gcc/avr/4.3.3/../../../../avr/lib/avr5\libm.a(divsf3.o)
 .text          0x000029cc        0x0 c:/winavr-20100110/bin/../lib/gcc/avr/4.3.3/../../../../avr/lib/avr5\libm.a(divsf3x.o)
 .text          0x000029cc        0x0 c:/winavr-20100110/bin/../lib/gcc/avr/4.3.3/../../../../avr/lib/avr5\libm.a(fixunssfsi.o)
 .text          0x000029cc        0x0 c:/winavr-20100110/bin/../lib/gcc/avr/4.3.3/../../../../avr/lib/avr5\libm.a(floatsisf.o)
 .text          0x000029cc        0x0 c:/winavr-20100110/bin/../lib/gcc/avr/4.3.3/../../../../avr/lib/avr5\libm.a(fp_inf.o)
 .text          0x000029cc        0x0 c:/winavr-20100110/bin/../lib/gcc/avr/4.3.3/../../../../avr/lib/avr5\libm.a(fp_nan.o)
 .text          0x000029cc        0x0 c:/winavr-20100110/bin/../lib/gcc/avr/4.3.3/../../../../avr/lib/avr5\libm.a(fp_pscA.o)
 .text          0x000029cc        0x0 c:/winavr-20100110/bin/../lib/gcc/avr/4.3.3/../../../../avr/lib/avr5\libm.a(fp_pscB.o)
 .text          0x000029cc        0x0 c:/winavr-20100110/bin/../lib/gcc/avr/4.3.3/../../../../avr/lib/avr5\libm.a(fp_round.o)
 .text          0x000029cc        0x0 c:/winavr-20100110/bin/../lib/gcc/avr/4.3.3/../../../../avr/lib/avr5\libm.a(fp_split3.o)
 .text          0x000029cc        0x0 c:/winavr-20100110/bin/../lib/gcc/avr/4.3.3/../../../../avr/lib/avr5\libm.a(fp_zero.o)
 .text          0x000029cc        0x0 c:/winavr-20100110/bin/../lib/gcc/avr/4.3.3/avr5\libgcc.a(_mulsi3.o)
 .text          0x000029cc        0x0 c:/winavr-20100110/bin/../lib/gcc/avr/4.3.3/avr5\libgcc.a(_udivmodhi4.o)
 .text          0x000029cc        0x0 c:/winavr-20100110/bin/../lib/gcc/avr/4.3.3/avr5\libgcc.a(_divmodhi4.o)
 .text          0x000029cc        0x0 c:/winavr-20100110/bin/../lib/gcc/avr/4.3.3/avr5\libgcc.a(_udivmodsi4.o)
 .text          0x000029cc        0x0 c:/winavr-20100110/bin/../lib/gcc/avr/4.3.3/avr5\libgcc.a(_exit.o)
 .text          0x000029cc        0x0 c:/winavr-20100110/bin/../lib/gcc/avr/4.3.3/avr5\libgcc.a(_copy_data.o)
 .text          0x000029cc        0x0 c:/winavr-20100110/bin/../lib/gcc/avr/4.3.3/avr5\libgcc.a(_clear_bss.o)
 .text          0x000029cc        0x0 c:/winavr-20100110/bin/../lib/gcc/avr/4.3.3/../../../../avr/lib/avr5\libc.a(itoa.o)
 .text          0x000029cc        0x0 c:/winavr-20100110/bin/../lib/gcc/avr/4.3.3/../../../../avr/lib/avr5\libc.a(strrev.o)
                0x000029cc                . = ALIGN (0x2)
 *(.text.*)
 .text.avr-libc.fplib
                0x000029cc        0x4 c:/winavr-20100110/bin/../lib/gcc/avr/4.3.3/../../../../avr/lib/avr5\libm.a(divsf3.o)
                0x000029cc                __divsf3
 .text.avr-libc.fplib
                0x000029d0       0xcc c:/winavr-20100110/bin/../lib/gcc/avr/4.3.3/../../../../avr/lib/avr5\libm.a(divsf3x.o)
                0x000029e6                __divsf3x
                0x000029ea                __divsf3_pse
 .text.avr-libc.fplib
                0x00002a9c       0x58 c:/winavr-20100110/bin/../lib/gcc/avr/4.3.3/../../../../avr/lib/avr5\libm.a(fixunssfsi.o)
                0x00002a9c                __fixunssfsi
 .text.avr-libc.fplib
                0x00002af4       0x7a c:/winavr-20100110/bin/../lib/gcc/avr/4.3.3/../../../../avr/lib/avr5\libm.a(floatsisf.o)
                0x00002af8                __floatsisf
                0x00002af4                __floatunsisf
 .text.avr-libc.fplib
                0x00002b6e        0xc c:/winavr-20100110/bin/../lib/gcc/avr/4.3.3/../../../../avr/lib/avr5\libm.a(fp_inf.o)
                0x00002b6e                __fp_inf
 .text.avr-libc.fplib
                0x00002b7a        0x6 c:/winavr-20100110/bin/../lib/gcc/avr/4.3.3/../../../../avr/lib/avr5\libm.a(fp_nan.o)
                0x00002b7a                __fp_nan
 .text.avr-libc.fplib
                0x00002b80        0xe c:/winavr-20100110/bin/../lib/gcc/avr/4.3.3/../../../../avr/lib/avr5\libm.a(fp_pscA.o)
                0x00002b80                __fp_pscA
 .text.avr-libc.fplib
                0x00002b8e        0xe c:/winavr-20100110/bin/../lib/gcc/avr/4.3.3/../../../../avr/lib/avr5\libm.a(fp_pscB.o)
                0x00002b8e                __fp_pscB
 .text.avr-libc.fplib
                0x00002b9c       0x22 c:/winavr-20100110/bin/../lib/gcc/avr/4.3.3/../../../../avr/lib/avr5\libm.a(fp_round.o)
                0x00002b9c                __fp_round
 .text.avr-libc.fplib
                0x00002bbe       0x44 c:/winavr-20100110/bin/../lib/gcc/avr/4.3.3/../../../../avr/lib/avr5\libm.a(fp_split3.o)
                0x00002bbe                __fp_split3
                0x00002bce                __fp_splitA
 .text.avr-libc.fplib
                0x00002c02        0xe c:/winavr-20100110/bin/../lib/gcc/avr/4.3.3/../../../../avr/lib/avr5\libm.a(fp_zero.o)
                0x00002c02                __fp_zero
                0x00002c04                __fp_szero
 .text.libgcc   0x00002c10       0x3e c:/winavr-20100110/bin/../lib/gcc/avr/4.3.3/avr5\libgcc.a(_mulsi3.o)
                0x00002c10                __mulsi3
 .text.libgcc   0x00002c4e       0x28 c:/winavr-20100110/bin/../lib/gcc/avr/4.3.3/avr5\libgcc.a(_udivmodhi4.o)
                0x00002c4e                __udivmodhi4
 .text.libgcc   0x00002c76       0x26 c:/winavr-20100110/bin/../lib/gcc/avr/4.3.3/avr5\libgcc.a(_divmodhi4.o)
                0x00002c76                __divmodhi4
                0x00002c76                _div
 .text.libgcc   0x00002c9c       0x44 c:/winavr-20100110/bin/../lib/gcc/avr/4.3.3/avr5\libgcc.a(_udivmodsi4.o)
                0x00002c9c                __udivmodsi4
 .text.libgcc   0x00002ce0        0x0 c:/winavr-20100110/bin/../lib/gcc/avr/4.3.3/avr5\libgcc.a(_exit.o)
 .text.libgcc   0x00002ce0        0x0 c:/winavr-20100110/bin/../lib/gcc/avr/4.3.3/avr5\libgcc.a(_copy_data.o)
 .text.libgcc   0x00002ce0        0x0 c:/winavr-20100110/bin/../lib/gcc/avr/4.3.3/avr5\libgcc.a(_clear_bss.o)
 .text.avr-libc
                0x00002ce0       0x42 c:/winavr-20100110/bin/../lib/gcc/avr/4.3.3/../../../../avr/lib/avr5\libc.a(itoa.o)
                0x00002ce0                itoa
 .text.avr-libc
                0x00002d22       0x20 c:/winavr-20100110/bin/../lib/gcc/avr/4.3.3/../../../../avr/lib/avr5\libc.a(strrev.o)
                0x00002d22                strrev
                0x00002d42                . = ALIGN (0x2)
 *(.fini9)
 .fini9         0x00002d42        0x0 c:/winavr-20100110/bin/../lib/gcc/avr/4.3.3/avr5\libgcc.a(_exit.o)
                0x00002d42                exit
                0x00002d42                _exit
 *(.fini9)
 *(.fini8)
 *(.fini8)
 *(.fini7)
 *(.fini7)
 *(.fini6)
 *(.fini6)
 *(.fini5)
 *(.fini5)
 *(.fini4)
 *(.fini4)
 *(.fini3)
 *(.fini3)
 *(.fini2)
 *(.fini2)
 *(.fini1)
 *(.fini1)
 *(.fini0)
 .fini0         0x00002d42        0x4 c:/winavr-20100110/bin/../lib/gcc/avr/4.3.3/avr5\libgcc.a(_exit.o)
 *(.fini0)
                0x00002d46                _etext = .

.data           0x00800060       0x16 load address 0x00002d46
                0x00800060                PROVIDE (__data_start, .)
 *(.data)
 .data          0x00800060        0x0 c:/winavr-20100110/bin/../lib/gcc/avr/4.3.3/../../../../avr/lib/avr5/crtm32.o
 .data          0x00800060        0xc EuroBot.o
                0x00800061                cruise
                0x00800060                speed
 .data          0x0080006c        0x9 RP6Lib/RP6base/RP6RobotBaseLib.o
                0x0080006c                acs_state
 .data          0x00800075        0x0 RP6Lib/RP6common/RP6uart.o
 .data          0x00800075        0x0 c:/winavr-20100110/bin/../lib/gcc/avr/4.3.3/../../../../avr/lib/avr5\libm.a(divsf3.o)
 .data          0x00800075        0x0 c:/winavr-20100110/bin/../lib/gcc/avr/4.3.3/../../../../avr/lib/avr5\libm.a(divsf3x.o)
 .data          0x00800075        0x0 c:/winavr-20100110/bin/../lib/gcc/avr/4.3.3/../../../../avr/lib/avr5\libm.a(fixunssfsi.o)
 .data          0x00800075        0x0 c:/winavr-20100110/bin/../lib/gcc/avr/4.3.3/../../../../avr/lib/avr5\libm.a(floatsisf.o)
 .data          0x00800075        0x0 c:/winavr-20100110/bin/../lib/gcc/avr/4.3.3/../../../../avr/lib/avr5\libm.a(fp_inf.o)
 .data          0x00800075        0x0 c:/winavr-20100110/bin/../lib/gcc/avr/4.3.3/../../../../avr/lib/avr5\libm.a(fp_nan.o)
 .data          0x00800075        0x0 c:/winavr-20100110/bin/../lib/gcc/avr/4.3.3/../../../../avr/lib/avr5\libm.a(fp_pscA.o)
 .data          0x00800075        0x0 c:/winavr-20100110/bin/../lib/gcc/avr/4.3.3/../../../../avr/lib/avr5\libm.a(fp_pscB.o)
 .data          0x00800075        0x0 c:/winavr-20100110/bin/../lib/gcc/avr/4.3.3/../../../../avr/lib/avr5\libm.a(fp_round.o)
 .data          0x00800075        0x0 c:/winavr-20100110/bin/../lib/gcc/avr/4.3.3/../../../../avr/lib/avr5\libm.a(fp_split3.o)
 .data          0x00800075        0x0 c:/winavr-20100110/bin/../lib/gcc/avr/4.3.3/../../../../avr/lib/avr5\libm.a(fp_zero.o)
 .data          0x00800075        0x0 c:/winavr-20100110/bin/../lib/gcc/avr/4.3.3/avr5\libgcc.a(_mulsi3.o)
 .data          0x00800075        0x0 c:/winavr-20100110/bin/../lib/gcc/avr/4.3.3/avr5\libgcc.a(_udivmodhi4.o)
 .data          0x00800075        0x0 c:/winavr-20100110/bin/../lib/gcc/avr/4.3.3/avr5\libgcc.a(_divmodhi4.o)
 .data          0x00800075        0x0 c:/winavr-20100110/bin/../lib/gcc/avr/4.3.3/avr5\libgcc.a(_udivmodsi4.o)
 .data          0x00800075        0x0 c:/winavr-20100110/bin/../lib/gcc/avr/4.3.3/avr5\libgcc.a(_exit.o)
 .data          0x00800075        0x0 c:/winavr-20100110/bin/../lib/gcc/avr/4.3.3/avr5\libgcc.a(_copy_data.o)
 .data          0x00800075        0x0 c:/winavr-20100110/bin/../lib/gcc/avr/4.3.3/avr5\libgcc.a(_clear_bss.o)
 .data          0x00800075        0x0 c:/winavr-20100110/bin/../lib/gcc/avr/4.3.3/../../../../avr/lib/avr5\libc.a(itoa.o)
 .data          0x00800075        0x0 c:/winavr-20100110/bin/../lib/gcc/avr/4.3.3/../../../../avr/lib/avr5\libc.a(strrev.o)
 *(.data*)
 *(.rodata)
 *(.rodata*)
 *(.gnu.linkonce.d*)
                0x00800076                . = ALIGN (0x2)
 *fill*         0x00800075        0x1 00
                0x00800076                _edata = .
                0x00800076                PROVIDE (__data_end, .)

.bss            0x00800076      0x114
                0x00800076                PROVIDE (__bss_start, .)
 *(.bss)
 .bss           0x00800076        0x0 c:/winavr-20100110/bin/../lib/gcc/avr/4.3.3/../../../../avr/lib/avr5/crtm32.o
 .bss           0x00800076       0x6f EuroBot.o
                0x0080007e                lastFollowLineArrayValue
                0x00800079                I2CTWI_request_reg
                0x00800078                I2CTWI_request_adr
                0x0080007b                I2CTWI_requestID
                0x0080007f                escape
                0x008000a0                currentFollowLineArrayValue
                0x00800076                TWI_statusReg
                0x00800077                TWI_TWSR_state
                0x0080007d                TWI_operation
                0x00800094                carryOutMission
                0x0080008b                avoid
                0x00800085                STOP
                0x0080009a                followLine
                0x00800091                kreuzungDetektiert
                0x0080007a                I2CTWI_request_size
                0x00800092                RechtsUndLinksAbbiegungErkannt
                0x00800093                KreuzungsMitteErkannt
 .bss           0x008000e5       0x12 RP6Lib/RP6base/RP6RobotBaseLib.o
                0x008000e5                mleft_des_dir
                0x008000e9                drive_dir
                0x008000e6                mright_des_dir
                0x008000e8                mright_dir
                0x008000e7                mleft_dir
 .bss           0x008000f7        0x6 RP6Lib/RP6common/RP6uart.o
                0x008000f9                read_size
                0x008000f8                write_pos
                0x008000fa                write_size
                0x008000f7                read_pos
 .bss           0x008000fd        0x0 c:/winavr-20100110/bin/../lib/gcc/avr/4.3.3/../../../../avr/lib/avr5\libm.a(divsf3.o)
 .bss           0x008000fd        0x0 c:/winavr-20100110/bin/../lib/gcc/avr/4.3.3/../../../../avr/lib/avr5\libm.a(divsf3x.o)
 .bss           0x008000fd        0x0 c:/winavr-20100110/bin/../lib/gcc/avr/4.3.3/../../../../avr/lib/avr5\libm.a(fixunssfsi.o)
 .bss           0x008000fd        0x0 c:/winavr-20100110/bin/../lib/gcc/avr/4.3.3/../../../../avr/lib/avr5\libm.a(floatsisf.o)
 .bss           0x008000fd        0x0 c:/winavr-20100110/bin/../lib/gcc/avr/4.3.3/../../../../avr/lib/avr5\libm.a(fp_inf.o)
 .bss           0x008000fd        0x0 c:/winavr-20100110/bin/../lib/gcc/avr/4.3.3/../../../../avr/lib/avr5\libm.a(fp_nan.o)
 .bss           0x008000fd        0x0 c:/winavr-20100110/bin/../lib/gcc/avr/4.3.3/../../../../avr/lib/avr5\libm.a(fp_pscA.o)
 .bss           0x008000fd        0x0 c:/winavr-20100110/bin/../lib/gcc/avr/4.3.3/../../../../avr/lib/avr5\libm.a(fp_pscB.o)
 .bss           0x008000fd        0x0 c:/winavr-20100110/bin/../lib/gcc/avr/4.3.3/../../../../avr/lib/avr5\libm.a(fp_round.o)
 .bss           0x008000fd        0x0 c:/winavr-20100110/bin/../lib/gcc/avr/4.3.3/../../../../avr/lib/avr5\libm.a(fp_split3.o)
 .bss           0x008000fd        0x0 c:/winavr-20100110/bin/../lib/gcc/avr/4.3.3/../../../../avr/lib/avr5\libm.a(fp_zero.o)
 .bss           0x008000fd        0x0 c:/winavr-20100110/bin/../lib/gcc/avr/4.3.3/avr5\libgcc.a(_mulsi3.o)
 .bss           0x008000fd        0x0 c:/winavr-20100110/bin/../lib/gcc/avr/4.3.3/avr5\libgcc.a(_udivmodhi4.o)
 .bss           0x008000fd        0x0 c:/winavr-20100110/bin/../lib/gcc/avr/4.3.3/avr5\libgcc.a(_divmodhi4.o)
 .bss           0x008000fd        0x0 c:/winavr-20100110/bin/../lib/gcc/avr/4.3.3/avr5\libgcc.a(_udivmodsi4.o)
 .bss           0x008000fd        0x0 c:/winavr-20100110/bin/../lib/gcc/avr/4.3.3/avr5\libgcc.a(_exit.o)
 .bss           0x008000fd        0x0 c:/winavr-20100110/bin/../lib/gcc/avr/4.3.3/avr5\libgcc.a(_copy_data.o)
 .bss           0x008000fd        0x0 c:/winavr-20100110/bin/../lib/gcc/avr/4.3.3/avr5\libgcc.a(_clear_bss.o)
 .bss           0x008000fd        0x0 c:/winavr-20100110/bin/../lib/gcc/avr/4.3.3/../../../../avr/lib/avr5\libc.a(itoa.o)
 .bss           0x008000fd        0x0 c:/winavr-20100110/bin/../lib/gcc/avr/4.3.3/../../../../avr/lib/avr5\libc.a(strrev.o)
 *(.bss*)
 *(COMMON)
 COMMON         0x008000fd        0x4 EuroBot.o
                0x008000fd                timer
                0x008000ff                motion_status
                0x00800100                statusLEDs
 COMMON         0x00800101       0x67 RP6Lib/RP6base/RP6RobotBaseLib.o
                0x00800101                bumper_left
                0x00800102                preStop_R
                0x00800104                mright_des_speed
                0x00800106                mleft_des_speed
                0x00800108                mleft_des_speed_tmp
                0x0080010a                sysStatACS
                0x0080010b                ircomm_send
                0x0080010c                overcurrent_error_clear
                0x0080010d                distanceToMove_R
                0x0080010f                acs_pulse
                0x00800110                left_i
                0x00800112                IRCOMM_RC5_data
                0x00800114                motor_control
                0x00800115                leds_on
                0x00800116                mleft_power
                0x00800118                mleft_speed
                0x0080011a                preDecelerate_R
                0x0080011c                mright_des_speed_tmp
                0x0080011e                adc1
                0x00800120                adcLSL
                0x00800122                acs_timer
                0x00800124                preStop_L
                0x00800126                mright_power
                0x00800128                mright_counter
                0x0080012a                ircomm_data_tmp
                0x0080012c                distanceToMove_L
                0x0080012e                stopwatches
                0x0080013f                overcurrent_timeout
                0x00800140                obstacle_left
                0x00800141                overcurrent_errors
                0x00800142                overcurrent_timer
                0x00800143                mright_ptmp
                0x00800144                ircomm_data
                0x00800146                adcLSR
                0x00800148                speed_adjust_timer
                0x00800149                obstacle_right
                0x0080014a                speed_timer
                0x0080014b                right_i
                0x0080014d                bumper_timer
                0x0080014e                mright_dist
                0x00800150                preDecelerate_L
                0x00800152                mleft_counter
                0x00800154                adc0
                0x00800156                delay_timer
                0x00800157                adcMotorCurrentRight
                0x00800159                ms_timer
                0x0080015a                mright_speed
                0x0080015c                mleft_dist
                0x0080015e                bumper_right
                0x0080015f                acs_event_counter
                0x00800160                motion_status_tmp
                0x00800161                adcBat
                0x00800163                IRCOMM_RC5_data_ok
                0x00800165                mleft_ptmp
                0x00800166                adcMotorCurrentLeft
 COMMON         0x00800168       0x22 RP6Lib/RP6common/RP6uart.o
                0x00800168                uart_status
                0x00800169                uart_receive_buffer
                0x0080018a                PROVIDE (__bss_end, .)
                0x00002d46                __data_load_start = LOADADDR (.data)
                0x00002d5c                __data_load_end = (__data_load_start + SIZEOF (.data))

.noinit         0x0080018a        0x0
                0x0080018a                PROVIDE (__noinit_start, .)
 *(.noinit*)
                0x0080018a                PROVIDE (__noinit_end, .)
                0x0080018a                _end = .
                0x0080018a                PROVIDE (__heap_start, .)

.eeprom         0x00810000        0x0
 *(.eeprom*)
                0x00810000                __eeprom_end = .

.fuse
 *(.fuse)
 *(.lfuse)
 *(.hfuse)
 *(.efuse)

.lock
 *(.lock*)

.signature
 *(.signature*)

.stab
 *(.stab)

.stabstr
 *(.stabstr)

.stab.excl
 *(.stab.excl)

.stab.exclstr
 *(.stab.exclstr)

.stab.index
 *(.stab.index)

.stab.indexstr
 *(.stab.indexstr)

.comment
 *(.comment)

.debug
 *(.debug)

.line
 *(.line)

.debug_srcinfo
 *(.debug_srcinfo)

.debug_sfnames
 *(.debug_sfnames)

.debug_aranges  0x00000000       0x60
 *(.debug_aranges)
 .debug_aranges
                0x00000000       0x20 EuroBot.o
 .debug_aranges
                0x00000020       0x20 RP6Lib/RP6base/RP6RobotBaseLib.o
 .debug_aranges
                0x00000040       0x20 RP6Lib/RP6common/RP6uart.o

.debug_pubnames
                0x00000000      0xe82
 *(.debug_pubnames)
 .debug_pubnames
                0x00000000      0x521 EuroBot.o
 .debug_pubnames
                0x00000521      0x829 RP6Lib/RP6base/RP6RobotBaseLib.o
 .debug_pubnames
                0x00000d4a      0x138 RP6Lib/RP6common/RP6uart.o

.debug_info     0x00000000     0x2961
 *(.debug_info)
 .debug_info    0x00000000     0x10a5 EuroBot.o
 .debug_info    0x000010a5     0x14bf RP6Lib/RP6base/RP6RobotBaseLib.o
 .debug_info    0x00002564      0x3fd RP6Lib/RP6common/RP6uart.o
 *(.gnu.linkonce.wi.*)

.debug_abbrev   0x00000000      0x892
 *(.debug_abbrev)
 .debug_abbrev  0x00000000      0x34b EuroBot.o
 .debug_abbrev  0x0000034b      0x36d RP6Lib/RP6base/RP6RobotBaseLib.o
 .debug_abbrev  0x000006b8      0x1da RP6Lib/RP6common/RP6uart.o

.debug_line     0x00000000     0x291b
 *(.debug_line)
 .debug_line    0x00000000     0x10b0 EuroBot.o
 .debug_line    0x000010b0     0x1559 RP6Lib/RP6base/RP6RobotBaseLib.o
 .debug_line    0x00002609      0x312 RP6Lib/RP6common/RP6uart.o

.debug_frame    0x00000000      0x640
 *(.debug_frame)
 .debug_frame   0x00000000      0x240 EuroBot.o
 .debug_frame   0x00000240      0x340 RP6Lib/RP6base/RP6RobotBaseLib.o
 .debug_frame   0x00000580       0xc0 RP6Lib/RP6common/RP6uart.o

.debug_str      0x00000000     0x10aa
 *(.debug_str)
 .debug_str     0x00000000      0x742 EuroBot.o
                                0x82d (size before relaxing)
 .debug_str     0x00000742      0x823 RP6Lib/RP6base/RP6RobotBaseLib.o
                                0xa59 (size before relaxing)
 .debug_str     0x00000f65      0x145 RP6Lib/RP6common/RP6uart.o
                                0x228 (size before relaxing)

.debug_loc      0x00000000      0xbf5
 *(.debug_loc)
 .debug_loc     0x00000000      0x707 EuroBot.o
 .debug_loc     0x00000707      0x3de RP6Lib/RP6base/RP6RobotBaseLib.o
 .debug_loc     0x00000ae5      0x110 RP6Lib/RP6common/RP6uart.o

.debug_macinfo
 *(.debug_macinfo)
OUTPUT(EuroBot.elf elf32-avr)
LOAD linker stubs

.debug_ranges   0x00000000       0x48
 .debug_ranges  0x00000000       0x48 RP6Lib/RP6common/RP6uart.o

Cross Reference Table

Symbol                                            File
ACS_setStateChangedHandler                        RP6Lib/RP6base/RP6RobotBaseLib.o
                                                  EuroBot.o
ACS_stateChanged_DUMMY                            RP6Lib/RP6base/RP6RobotBaseLib.o
BUMPERS_setStateChangedHandler                    RP6Lib/RP6base/RP6RobotBaseLib.o
                                                  EuroBot.o
BUMPERS_stateChanged_DUMMY                        RP6Lib/RP6base/RP6RobotBaseLib.o
I2CTWI_delay                                      EuroBot.o
I2CTWI_getReceivedData                            EuroBot.o
I2CTWI_getState                                   EuroBot.o
I2CTWI_readByte                                   EuroBot.o
I2CTWI_readBytes                                  EuroBot.o
I2CTWI_readRegisters                              EuroBot.o
I2CTWI_requestDataFromDevice                      EuroBot.o
I2CTWI_requestID                                  EuroBot.o
I2CTWI_requestRegisterFromDevice                  EuroBot.o
I2CTWI_request_adr                                EuroBot.o
I2CTWI_request_reg                                EuroBot.o
I2CTWI_request_size                               EuroBot.o
I2CTWI_requestedDataReady_DUMMY                   EuroBot.o
I2CTWI_setRequestedDataReadyHandler               EuroBot.o
I2CTWI_setTransmissionErrorHandler                EuroBot.o
I2CTWI_transmissionError_DUMMY                    EuroBot.o
I2CTWI_transmit2Bytes                             EuroBot.o
I2CTWI_transmit3Bytes                             EuroBot.o
I2CTWI_transmit4Bytes                             EuroBot.o
I2CTWI_transmitByte                               EuroBot.o
I2CTWI_transmitBytes                              EuroBot.o
IRCOMM_RC5_data                                   RP6Lib/RP6base/RP6RobotBaseLib.o
IRCOMM_RC5_data_ok                                RP6Lib/RP6base/RP6RobotBaseLib.o
IRCOMM_RC5dataReady_DUMMY                         RP6Lib/RP6base/RP6RobotBaseLib.o
IRCOMM_sendRC5                                    RP6Lib/RP6base/RP6RobotBaseLib.o
IRCOMM_setRC5DataReadyHandler                     RP6Lib/RP6base/RP6RobotBaseLib.o
KreuzungsMitteErkannt                             EuroBot.o
MOTIONCONTROL_setStateChangedHandler              RP6Lib/RP6base/RP6RobotBaseLib.o
MOTIONCONTROL_stateChanged_DUMMY                  RP6Lib/RP6base/RP6RobotBaseLib.o
RechtsUndLinksAbbiegungErkannt                    EuroBot.o
STOP                                              EuroBot.o
TWI_TWSR_state                                    EuroBot.o
TWI_operation                                     EuroBot.o
TWI_statusReg                                     EuroBot.o
__I2CTWI_initMaster                               EuroBot.o
__bad_interrupt                                   c:/winavr-20100110/bin/../lib/gcc/avr/4.3.3/../../../../avr/lib/avr5/crtm32.o
__bss_end                                         c:/winavr-20100110/bin/../lib/gcc/avr/4.3.3/avr5\libgcc.a(_clear_bss.o)
__bss_start                                       c:/winavr-20100110/bin/../lib/gcc/avr/4.3.3/avr5\libgcc.a(_clear_bss.o)
__data_end                                        c:/winavr-20100110/bin/../lib/gcc/avr/4.3.3/avr5\libgcc.a(_copy_data.o)
__data_load_start                                 c:/winavr-20100110/bin/../lib/gcc/avr/4.3.3/avr5\libgcc.a(_copy_data.o)
__data_start                                      c:/winavr-20100110/bin/../lib/gcc/avr/4.3.3/avr5\libgcc.a(_copy_data.o)
__divmodhi4                                       c:/winavr-20100110/bin/../lib/gcc/avr/4.3.3/avr5\libgcc.a(_divmodhi4.o)
                                                  RP6Lib/RP6base/RP6RobotBaseLib.o
__divsf3                                          c:/winavr-20100110/bin/../lib/gcc/avr/4.3.3/../../../../avr/lib/avr5\libm.a(divsf3.o)
                                                  EuroBot.o
__divsf3_pse                                      c:/winavr-20100110/bin/../lib/gcc/avr/4.3.3/../../../../avr/lib/avr5\libm.a(divsf3x.o)
__divsf3x                                         c:/winavr-20100110/bin/../lib/gcc/avr/4.3.3/../../../../avr/lib/avr5\libm.a(divsf3x.o)
                                                  c:/winavr-20100110/bin/../lib/gcc/avr/4.3.3/../../../../avr/lib/avr5\libm.a(divsf3.o)
__do_clear_bss                                    c:/winavr-20100110/bin/../lib/gcc/avr/4.3.3/avr5\libgcc.a(_clear_bss.o)
                                                  RP6Lib/RP6common/RP6uart.o
                                                  RP6Lib/RP6base/RP6RobotBaseLib.o
                                                  EuroBot.o
__do_copy_data                                    c:/winavr-20100110/bin/../lib/gcc/avr/4.3.3/avr5\libgcc.a(_copy_data.o)
                                                  RP6Lib/RP6base/RP6RobotBaseLib.o
                                                  EuroBot.o
__fixunssfsi                                      c:/winavr-20100110/bin/../lib/gcc/avr/4.3.3/../../../../avr/lib/avr5\libm.a(fixunssfsi.o)
                                                  EuroBot.o
__floatsisf                                       c:/winavr-20100110/bin/../lib/gcc/avr/4.3.3/../../../../avr/lib/avr5\libm.a(floatsisf.o)
__floatunsisf                                     c:/winavr-20100110/bin/../lib/gcc/avr/4.3.3/../../../../avr/lib/avr5\libm.a(floatsisf.o)
                                                  EuroBot.o
__fp_inf                                          c:/winavr-20100110/bin/../lib/gcc/avr/4.3.3/../../../../avr/lib/avr5\libm.a(fp_inf.o)
                                                  c:/winavr-20100110/bin/../lib/gcc/avr/4.3.3/../../../../avr/lib/avr5\libm.a(divsf3x.o)
__fp_nan                                          c:/winavr-20100110/bin/../lib/gcc/avr/4.3.3/../../../../avr/lib/avr5\libm.a(fp_nan.o)
                                                  c:/winavr-20100110/bin/../lib/gcc/avr/4.3.3/../../../../avr/lib/avr5\libm.a(divsf3x.o)
__fp_pscA                                         c:/winavr-20100110/bin/../lib/gcc/avr/4.3.3/../../../../avr/lib/avr5\libm.a(fp_pscA.o)
                                                  c:/winavr-20100110/bin/../lib/gcc/avr/4.3.3/../../../../avr/lib/avr5\libm.a(divsf3x.o)
__fp_pscB                                         c:/winavr-20100110/bin/../lib/gcc/avr/4.3.3/../../../../avr/lib/avr5\libm.a(fp_pscB.o)
                                                  c:/winavr-20100110/bin/../lib/gcc/avr/4.3.3/../../../../avr/lib/avr5\libm.a(divsf3x.o)
__fp_round                                        c:/winavr-20100110/bin/../lib/gcc/avr/4.3.3/../../../../avr/lib/avr5\libm.a(fp_round.o)
                                                  c:/winavr-20100110/bin/../lib/gcc/avr/4.3.3/../../../../avr/lib/avr5\libm.a(divsf3.o)
__fp_split3                                       c:/winavr-20100110/bin/../lib/gcc/avr/4.3.3/../../../../avr/lib/avr5\libm.a(fp_split3.o)
                                                  c:/winavr-20100110/bin/../lib/gcc/avr/4.3.3/../../../../avr/lib/avr5\libm.a(divsf3x.o)
__fp_splitA                                       c:/winavr-20100110/bin/../lib/gcc/avr/4.3.3/../../../../avr/lib/avr5\libm.a(fp_split3.o)
                                                  c:/winavr-20100110/bin/../lib/gcc/avr/4.3.3/../../../../avr/lib/avr5\libm.a(fixunssfsi.o)
__fp_szero                                        c:/winavr-20100110/bin/../lib/gcc/avr/4.3.3/../../../../avr/lib/avr5\libm.a(fp_zero.o)
                                                  c:/winavr-20100110/bin/../lib/gcc/avr/4.3.3/../../../../avr/lib/avr5\libm.a(divsf3x.o)
__fp_zero                                         c:/winavr-20100110/bin/../lib/gcc/avr/4.3.3/../../../../avr/lib/avr5\libm.a(fp_zero.o)
                                                  c:/winavr-20100110/bin/../lib/gcc/avr/4.3.3/../../../../avr/lib/avr5\libm.a(fixunssfsi.o)
__heap_end                                        c:/winavr-20100110/bin/../lib/gcc/avr/4.3.3/../../../../avr/lib/avr5/crtm32.o
__init                                            c:/winavr-20100110/bin/../lib/gcc/avr/4.3.3/../../../../avr/lib/avr5/crtm32.o
__mulsi3                                          c:/winavr-20100110/bin/../lib/gcc/avr/4.3.3/avr5\libgcc.a(_mulsi3.o)
                                                  RP6Lib/RP6base/RP6RobotBaseLib.o
__stack                                           c:/winavr-20100110/bin/../lib/gcc/avr/4.3.3/../../../../avr/lib/avr5/crtm32.o
__udivmodhi4                                      c:/winavr-20100110/bin/../lib/gcc/avr/4.3.3/avr5\libgcc.a(_udivmodhi4.o)
                                                  c:/winavr-20100110/bin/../lib/gcc/avr/4.3.3/../../../../avr/lib/avr5\libc.a(itoa.o)
                                                  c:/winavr-20100110/bin/../lib/gcc/avr/4.3.3/avr5\libgcc.a(_divmodhi4.o)
                                                  RP6Lib/RP6base/RP6RobotBaseLib.o
__udivmodsi4                                      c:/winavr-20100110/bin/../lib/gcc/avr/4.3.3/avr5\libgcc.a(_udivmodsi4.o)
                                                  RP6Lib/RP6base/RP6RobotBaseLib.o
__vector_1                                        RP6Lib/RP6base/RP6RobotBaseLib.o
                                                  c:/winavr-20100110/bin/../lib/gcc/avr/4.3.3/../../../../avr/lib/avr5/crtm32.o
__vector_10                                       RP6Lib/RP6base/RP6RobotBaseLib.o
                                                  c:/winavr-20100110/bin/../lib/gcc/avr/4.3.3/../../../../avr/lib/avr5/crtm32.o
__vector_11                                       c:/winavr-20100110/bin/../lib/gcc/avr/4.3.3/../../../../avr/lib/avr5/crtm32.o
__vector_12                                       c:/winavr-20100110/bin/../lib/gcc/avr/4.3.3/../../../../avr/lib/avr5/crtm32.o
__vector_13                                       RP6Lib/RP6common/RP6uart.o
                                                  c:/winavr-20100110/bin/../lib/gcc/avr/4.3.3/../../../../avr/lib/avr5/crtm32.o
__vector_14                                       c:/winavr-20100110/bin/../lib/gcc/avr/4.3.3/../../../../avr/lib/avr5/crtm32.o
__vector_15                                       c:/winavr-20100110/bin/../lib/gcc/avr/4.3.3/../../../../avr/lib/avr5/crtm32.o
__vector_16                                       c:/winavr-20100110/bin/../lib/gcc/avr/4.3.3/../../../../avr/lib/avr5/crtm32.o
__vector_17                                       c:/winavr-20100110/bin/../lib/gcc/avr/4.3.3/../../../../avr/lib/avr5/crtm32.o
__vector_18                                       c:/winavr-20100110/bin/../lib/gcc/avr/4.3.3/../../../../avr/lib/avr5/crtm32.o
__vector_19                                       EuroBot.o
                                                  c:/winavr-20100110/bin/../lib/gcc/avr/4.3.3/../../../../avr/lib/avr5/crtm32.o
__vector_2                                        RP6Lib/RP6base/RP6RobotBaseLib.o
                                                  c:/winavr-20100110/bin/../lib/gcc/avr/4.3.3/../../../../avr/lib/avr5/crtm32.o
__vector_20                                       c:/winavr-20100110/bin/../lib/gcc/avr/4.3.3/../../../../avr/lib/avr5/crtm32.o
__vector_3                                        RP6Lib/RP6base/RP6RobotBaseLib.o
                                                  c:/winavr-20100110/bin/../lib/gcc/avr/4.3.3/../../../../avr/lib/avr5/crtm32.o
__vector_4                                        RP6Lib/RP6base/RP6RobotBaseLib.o
                                                  c:/winavr-20100110/bin/../lib/gcc/avr/4.3.3/../../../../avr/lib/avr5/crtm32.o
__vector_5                                        c:/winavr-20100110/bin/../lib/gcc/avr/4.3.3/../../../../avr/lib/avr5/crtm32.o
__vector_6                                        c:/winavr-20100110/bin/../lib/gcc/avr/4.3.3/../../../../avr/lib/avr5/crtm32.o
__vector_7                                        c:/winavr-20100110/bin/../lib/gcc/avr/4.3.3/../../../../avr/lib/avr5/crtm32.o
__vector_8                                        c:/winavr-20100110/bin/../lib/gcc/avr/4.3.3/../../../../avr/lib/avr5/crtm32.o
__vector_9                                        c:/winavr-20100110/bin/../lib/gcc/avr/4.3.3/../../../../avr/lib/avr5/crtm32.o
__vector_default                                  c:/winavr-20100110/bin/../lib/gcc/avr/4.3.3/../../../../avr/lib/avr5/crtm32.o
__vectors                                         c:/winavr-20100110/bin/../lib/gcc/avr/4.3.3/../../../../avr/lib/avr5/crtm32.o
_div                                              c:/winavr-20100110/bin/../lib/gcc/avr/4.3.3/avr5\libgcc.a(_divmodhi4.o)
_exit                                             c:/winavr-20100110/bin/../lib/gcc/avr/4.3.3/avr5\libgcc.a(_exit.o)
acsStateChangedNew                                EuroBot.o
acs_event_counter                                 RP6Lib/RP6base/RP6RobotBaseLib.o
acs_pulse                                         RP6Lib/RP6base/RP6RobotBaseLib.o
acs_state                                         RP6Lib/RP6base/RP6RobotBaseLib.o
acs_timer                                         RP6Lib/RP6base/RP6RobotBaseLib.o
adc0                                              RP6Lib/RP6base/RP6RobotBaseLib.o
adc1                                              RP6Lib/RP6base/RP6RobotBaseLib.o
adcBat                                            RP6Lib/RP6base/RP6RobotBaseLib.o
adcLSL                                            RP6Lib/RP6base/RP6RobotBaseLib.o
adcLSR                                            RP6Lib/RP6base/RP6RobotBaseLib.o
adcMotorCurrentLeft                               RP6Lib/RP6base/RP6RobotBaseLib.o
adcMotorCurrentRight                              RP6Lib/RP6base/RP6RobotBaseLib.o
avoid                                             EuroBot.o
behaviourController                               EuroBot.o
behaviour_avoid                                   EuroBot.o
behaviour_carryOutMission                         EuroBot.o
behaviour_cruise                                  EuroBot.o
behaviour_escape                                  EuroBot.o
behaviour_followLine                              EuroBot.o
bumper_left                                       RP6Lib/RP6base/RP6RobotBaseLib.o
                                                  EuroBot.o
bumper_right                                      RP6Lib/RP6base/RP6RobotBaseLib.o
                                                  EuroBot.o
bumper_timer                                      RP6Lib/RP6base/RP6RobotBaseLib.o
bumpersStateChangedNew                            EuroBot.o
carryOutMission                                   EuroBot.o
changeDirection                                   RP6Lib/RP6base/RP6RobotBaseLib.o
                                                  EuroBot.o
clearReceptionBuffer                              RP6Lib/RP6common/RP6uart.o
cruise                                            EuroBot.o
currentFollowLineArrayValue                       EuroBot.o
delayCycles                                       RP6Lib/RP6base/RP6RobotBaseLib.o
delay_timer                                       RP6Lib/RP6base/RP6RobotBaseLib.o
disableACS                                        RP6Lib/RP6base/RP6RobotBaseLib.o
disablePowerOnWarning                             RP6Lib/RP6base/RP6RobotBaseLib.o
distanceToMove_L                                  RP6Lib/RP6base/RP6RobotBaseLib.o
distanceToMove_R                                  RP6Lib/RP6base/RP6RobotBaseLib.o
drive_dir                                         RP6Lib/RP6base/RP6RobotBaseLib.o
emergencyShutdown                                 RP6Lib/RP6base/RP6RobotBaseLib.o
enableACS                                         RP6Lib/RP6base/RP6RobotBaseLib.o
enablePowerOnWarning                              RP6Lib/RP6base/RP6RobotBaseLib.o
entscheideWohinGefahrenWerdenSoll                 EuroBot.o
escape                                            EuroBot.o
exit                                              c:/winavr-20100110/bin/../lib/gcc/avr/4.3.3/avr5\libgcc.a(_exit.o)
                                                  c:/winavr-20100110/bin/../lib/gcc/avr/4.3.3/../../../../avr/lib/avr5/crtm32.o
extIntOFF                                         RP6Lib/RP6base/RP6RobotBaseLib.o
extIntON                                          RP6Lib/RP6base/RP6RobotBaseLib.o
followLine                                        EuroBot.o
getBufferLength                                   RP6Lib/RP6common/RP6uart.o
getBumperLeft                                     RP6Lib/RP6base/RP6RobotBaseLib.o
getBumperRight                                    RP6Lib/RP6base/RP6RobotBaseLib.o
initRobotBase                                     RP6Lib/RP6base/RP6RobotBaseLib.o
                                                  EuroBot.o
ircomm_data                                       RP6Lib/RP6base/RP6RobotBaseLib.o
ircomm_data_tmp                                   RP6Lib/RP6base/RP6RobotBaseLib.o
ircomm_send                                       RP6Lib/RP6base/RP6RobotBaseLib.o
isMovementComplete                                RP6Lib/RP6base/RP6RobotBaseLib.o
                                                  EuroBot.o
itoa                                              c:/winavr-20100110/bin/../lib/gcc/avr/4.3.3/../../../../avr/lib/avr5\libc.a(itoa.o)
                                                  RP6Lib/RP6common/RP6uart.o
kreuzungDetektiert                                EuroBot.o
lastFollowLineArrayValue                          EuroBot.o
leds_on                                           RP6Lib/RP6base/RP6RobotBaseLib.o
left_i                                            RP6Lib/RP6base/RP6RobotBaseLib.o
mSleep                                            RP6Lib/RP6base/RP6RobotBaseLib.o
                                                  EuroBot.o
main                                              EuroBot.o
                                                  c:/winavr-20100110/bin/../lib/gcc/avr/4.3.3/../../../../avr/lib/avr5/crtm32.o
mleft_counter                                     RP6Lib/RP6base/RP6RobotBaseLib.o
mleft_des_dir                                     RP6Lib/RP6base/RP6RobotBaseLib.o
mleft_des_speed                                   RP6Lib/RP6base/RP6RobotBaseLib.o
mleft_des_speed_tmp                               RP6Lib/RP6base/RP6RobotBaseLib.o
mleft_dir                                         RP6Lib/RP6base/RP6RobotBaseLib.o
mleft_dist                                        RP6Lib/RP6base/RP6RobotBaseLib.o
mleft_power                                       RP6Lib/RP6base/RP6RobotBaseLib.o
mleft_ptmp                                        RP6Lib/RP6base/RP6RobotBaseLib.o
mleft_speed                                       RP6Lib/RP6base/RP6RobotBaseLib.o
motion_status                                     RP6Lib/RP6base/RP6RobotBaseLib.o
                                                  EuroBot.o
motion_status_tmp                                 RP6Lib/RP6base/RP6RobotBaseLib.o
motor_control                                     RP6Lib/RP6base/RP6RobotBaseLib.o
move                                              RP6Lib/RP6base/RP6RobotBaseLib.o
                                                  EuroBot.o
moveAtSpeed                                       RP6Lib/RP6base/RP6RobotBaseLib.o
                                                  EuroBot.o
moveAtSpeedDirection                              RP6Lib/RP6base/RP6RobotBaseLib.o
moveCommand                                       EuroBot.o
mright_counter                                    RP6Lib/RP6base/RP6RobotBaseLib.o
mright_des_dir                                    RP6Lib/RP6base/RP6RobotBaseLib.o
mright_des_speed                                  RP6Lib/RP6base/RP6RobotBaseLib.o
mright_des_speed_tmp                              RP6Lib/RP6base/RP6RobotBaseLib.o
mright_dir                                        RP6Lib/RP6base/RP6RobotBaseLib.o
mright_dist                                       RP6Lib/RP6base/RP6RobotBaseLib.o
mright_power                                      RP6Lib/RP6base/RP6RobotBaseLib.o
mright_ptmp                                       RP6Lib/RP6base/RP6RobotBaseLib.o
mright_speed                                      RP6Lib/RP6base/RP6RobotBaseLib.o
ms_timer                                          RP6Lib/RP6base/RP6RobotBaseLib.o
obstacle_left                                     RP6Lib/RP6base/RP6RobotBaseLib.o
                                                  EuroBot.o
obstacle_right                                    RP6Lib/RP6base/RP6RobotBaseLib.o
                                                  EuroBot.o
overcurrent_error_clear                           RP6Lib/RP6base/RP6RobotBaseLib.o
overcurrent_errors                                RP6Lib/RP6base/RP6RobotBaseLib.o
overcurrent_timeout                               RP6Lib/RP6base/RP6RobotBaseLib.o
overcurrent_timer                                 RP6Lib/RP6base/RP6RobotBaseLib.o
powerOFF                                          RP6Lib/RP6base/RP6RobotBaseLib.o
powerON                                           RP6Lib/RP6base/RP6RobotBaseLib.o
                                                  EuroBot.o
preDecelerate_L                                   RP6Lib/RP6base/RP6RobotBaseLib.o
preDecelerate_R                                   RP6Lib/RP6base/RP6RobotBaseLib.o
preStop_L                                         RP6Lib/RP6base/RP6RobotBaseLib.o
preStop_R                                         RP6Lib/RP6base/RP6RobotBaseLib.o
readADC                                           RP6Lib/RP6base/RP6RobotBaseLib.o
readChar                                          RP6Lib/RP6common/RP6uart.o
readChars                                         RP6Lib/RP6common/RP6uart.o
read_pos                                          RP6Lib/RP6common/RP6uart.o
read_size                                         RP6Lib/RP6common/RP6uart.o
resetVariables                                    EuroBot.o
right_i                                           RP6Lib/RP6base/RP6RobotBaseLib.o
rotate                                            RP6Lib/RP6base/RP6RobotBaseLib.o
                                                  EuroBot.o
searchForTwoLines                                 EuroBot.o
setACSPwrHigh                                     RP6Lib/RP6base/RP6RobotBaseLib.o
setACSPwrLow                                      RP6Lib/RP6base/RP6RobotBaseLib.o
setACSPwrMed                                      RP6Lib/RP6base/RP6RobotBaseLib.o
                                                  EuroBot.o
setACSPwrOff                                      RP6Lib/RP6base/RP6RobotBaseLib.o
setLEDs                                           RP6Lib/RP6base/RP6RobotBaseLib.o
                                                  EuroBot.o
setMotorDir                                       RP6Lib/RP6base/RP6RobotBaseLib.o
setMotorPower                                     RP6Lib/RP6base/RP6RobotBaseLib.o
sleep                                             RP6Lib/RP6base/RP6RobotBaseLib.o
speed                                             EuroBot.o
speed_adjust_timer                                RP6Lib/RP6base/RP6RobotBaseLib.o
speed_timer                                       RP6Lib/RP6base/RP6RobotBaseLib.o
startADC                                          RP6Lib/RP6base/RP6RobotBaseLib.o
statusLEDs                                        RP6Lib/RP6base/RP6RobotBaseLib.o
                                                  EuroBot.o
stop                                              RP6Lib/RP6base/RP6RobotBaseLib.o
stopwatches                                       RP6Lib/RP6base/RP6RobotBaseLib.o
                                                  EuroBot.o
strrev                                            c:/winavr-20100110/bin/../lib/gcc/avr/4.3.3/../../../../avr/lib/avr5\libc.a(strrev.o)
                                                  c:/winavr-20100110/bin/../lib/gcc/avr/4.3.3/../../../../avr/lib/avr5\libc.a(itoa.o)
sysStatACS                                        RP6Lib/RP6base/RP6RobotBaseLib.o
task_ACS                                          RP6Lib/RP6base/RP6RobotBaseLib.o
task_ADC                                          RP6Lib/RP6base/RP6RobotBaseLib.o
task_Bumpers                                      RP6Lib/RP6base/RP6RobotBaseLib.o
task_EvaluateMission                              EuroBot.o
task_I2CTWI                                       EuroBot.o
task_LineFollower                                 EuroBot.o
task_RP6System                                    RP6Lib/RP6base/RP6RobotBaseLib.o
                                                  EuroBot.o
task_motionControl                                RP6Lib/RP6base/RP6RobotBaseLib.o
timer                                             RP6Lib/RP6base/RP6RobotBaseLib.o
                                                  EuroBot.o
uart_receive_buffer                               RP6Lib/RP6common/RP6uart.o
uart_status                                       RP6Lib/RP6common/RP6uart.o
updateStatusLEDs                                  RP6Lib/RP6base/RP6RobotBaseLib.o
                                                  EuroBot.o
writeChar                                         RP6Lib/RP6common/RP6uart.o
                                                  EuroBot.o
writeInteger                                      RP6Lib/RP6common/RP6uart.o
                                                  EuroBot.o
writeIntegerLength                                RP6Lib/RP6common/RP6uart.o
writeNStringP                                     RP6Lib/RP6common/RP6uart.o
                                                  RP6Lib/RP6base/RP6RobotBaseLib.o
                                                  EuroBot.o
writeString                                       RP6Lib/RP6common/RP6uart.o
writeStringLength                                 RP6Lib/RP6common/RP6uart.o
write_pos                                         RP6Lib/RP6common/RP6uart.o
write_size                                        RP6Lib/RP6common/RP6uart.o
